
lihaha logged in. 5-5-2025, 10:59:31 AM
156 logged in. 5-5-2025, 11:00:01 AM
156 disconnected 5-5-2025, 11:00:19 AM
lihaha disconnected 5-5-2025, 11:00:34 AM
lihaha logged in. 5-5-2025, 5:22:37 PM
156 logged in. 5-5-2025, 5:22:53 PM
156 disconnected 5-5-2025, 5:25:11 PM
lihaha disconnected 5-5-2025, 5:25:16 PM
lihaha logged in. 5-5-2025, 5:39:12 PM
156 logged in. 5-5-2025, 5:39:23 PM
156 disconnected 5-5-2025, 5:40:23 PM
lihaha disconnected 5-5-2025, 5:40:27 PM
lihaha logged in. 5-5-2025, 5:49:17 PM
156 logged in. 5-5-2025, 5:49:34 PM
lihaha disconnected 5-5-2025, 5:50:59 PM
lihaha logged in. 5-5-2025, 5:51:01 PM
156 disconnected 5-5-2025, 5:51:05 PM
lihaha disconnected 5-5-2025, 5:51:08 PM
lihaha logged in. 5-5-2025, 6:13:06 PM
156 logged in. 5-5-2025, 6:13:19 PM
156 disconnected 5-5-2025, 6:14:13 PM
lihaha disconnected 5-5-2025, 6:14:16 PM
lihaha logged in. 5-5-2025, 6:15:30 PM
156 logged in. 5-5-2025, 6:15:43 PM
156 disconnected 5-5-2025, 6:15:54 PM
lihaha disconnected 5-5-2025, 6:15:58 PM
lihaha logged in. 5-5-2025, 6:16:35 PM
lihaha disconnected 5-5-2025, 6:16:43 PM
lihaha logged in. 5-5-2025, 6:18:29 PM
156 logged in. 5-5-2025, 6:18:39 PM
156 disconnected 5-5-2025, 6:20:47 PM
lihaha disconnected 5-5-2025, 6:20:49 PM
lihaha logged in. 5-5-2025, 6:58:50 PM
156 logged in. 5-5-2025, 6:58:57 PM
lihaha disconnected 5-5-2025, 7:01:48 PM
lihaha logged in. 5-5-2025, 7:01:50 PM
156 disconnected 5-5-2025, 7:01:51 PM
lihaha disconnected 5-5-2025, 7:02:15 PM
lihaha logged in. 5-5-2025, 7:51:37 PM
lihaha disconnected 5-5-2025, 7:51:58 PM
lihaha logged in. 5-5-2025, 7:52:14 PM
lihaha disconnected 5-5-2025, 7:52:33 PM
lihaha logged in. 5-5-2025, 8:04:50 PM
lihaha disconnected 5-5-2025, 8:08:59 PM
lihaha logged in. 5-5-2025, 8:09:01 PM
lihaha disconnected 5-5-2025, 8:09:13 PM