
lihaha logged in. 5-17-2025, 9:51:04 AM
lihaha (lihaha) said 

 5-17-2025, 10:08:25 AM
lihaha disconnected 5-17-2025, 10:09:12 AM
lihaha logged in. 5-17-2025, 10:45:22 AM
lihaha disconnected 5-17-2025, 10:45:48 AM
lihaha logged in. 5-17-2025, 11:26:22 AM
lihaha disconnected 5-17-2025, 11:26:41 AM
lihaha logged in. 5-17-2025, 7:21:46 PM
lihaha disconnected 5-17-2025, 7:21:50 PM
lihaha logged in. 5-17-2025, 7:22:43 PM
lihaha disconnected 5-17-2025, 7:22:49 PM
lihaha logged in. 5-17-2025, 7:30:59 PM
lihaha disconnected 5-17-2025, 7:31:03 PM
lihaha logged in. 5-17-2025, 7:45:31 PM
lihaha disconnected 5-17-2025, 7:45:38 PM
lihaha logged in. 5-17-2025, 7:47:42 PM
lihaha disconnected 5-17-2025, 7:48:01 PM
lihaha logged in. 5-17-2025, 7:48:03 PM
lihaha disconnected 5-17-2025, 7:48:16 PM
lihaha logged in. 5-17-2025, 7:58:32 PM
lihaha disconnected 5-17-2025, 7:58:58 PM
lihaha logged in. 5-17-2025, 8:00:19 PM
lihaha disconnected 5-17-2025, 8:00:55 PM
lihaha logged in. 5-17-2025, 8:02:45 PM
lihaha disconnected 5-17-2025, 8:03:17 PM
lihaha logged in. 5-17-2025, 8:04:25 PM
lihaha disconnected 5-17-2025, 8:05:47 PM
lihaha logged in. 5-17-2025, 8:06:18 PM
lihaha disconnected 5-17-2025, 8:07:02 PM
lihaha logged in. 5-17-2025, 8:13:22 PM
lihaha disconnected 5-17-2025, 8:13:26 PM
lihaha logged in. 5-17-2025, 8:28:15 PM
156 logged in. 5-17-2025, 8:29:04 PM
156 disconnected 5-17-2025, 8:30:32 PM
lihaha disconnected 5-17-2025, 8:30:35 PM
lihaha logged in. 5-17-2025, 8:39:00 PM
lihaha disconnected 5-17-2025, 8:42:09 PM
lihaha logged in. 5-17-2025, 8:44:37 PM
lihaha disconnected 5-17-2025, 8:44:45 PM
lihaha logged in. 5-17-2025, 8:54:08 PM
lihaha disconnected 5-17-2025, 8:56:29 PM