
tomJoey(tomJoey) used a pack_of_10_stun_dart 8-12-2025, 8:27:07 AM
tomJoey(tomJoey) used a pack_of_5_antibiotic 8-12-2025, 8:27:33 AM
tomJoey(tomJoey) used a pack_of_5_antibiotic 8-12-2025, 8:45:24 AM
tomJoey(tomJoey) used a pack_of_5_antibiotic 8-12-2025, 8:51:52 AM
tomJoey(tomJoey) used a pack_of_5_antibiotic 8-12-2025, 8:51:53 AM
tomJoey(tomJoey) used a pack_of_5_antibiotic 8-12-2025, 8:51:53 AM
tomJoey(tomJoey) used a pack_of_5_antibiotic 8-12-2025, 8:51:53 AM
tomJoey(tomJoey) used a pack_of_5_antibiotic 8-12-2025, 8:51:54 AM
tomJoey(tomJoey) used a pack_of_5_antibiotic 8-12-2025, 8:51:54 AM
tomJoey(tomJoey) used a pack_of_5_antibiotic 8-12-2025, 8:51:54 AM
tomJoey(tomJoey) used a pack_of_5_antibiotic 8-12-2025, 8:51:54 AM
tomJoey(tomJoey) used a pack_of_5_antibiotic 8-12-2025, 8:51:54 AM
tomJoey(tomJoey) used a pack_of_5_antibiotic 8-12-2025, 8:51:54 AM
tomJoey(tomJoey) used a pack_of_5_antibiotic 8-12-2025, 8:51:54 AM
tomJoey(tomJoey) used a pack_of_5_antibiotic 8-12-2025, 8:51:54 AM
tomJoey(tomJoey) used a pack_of_5_antibiotic 8-12-2025, 8:51:55 AM
tomJoey(tomJoey) used a pack_of_5_antibiotic 8-12-2025, 8:51:55 AM
tomJoey(tomJoey) used a pack_of_5_antibiotic 8-12-2025, 8:51:55 AM
tomJoey(tomJoey) used a pack_of_5_antibiotic 8-12-2025, 8:51:55 AM
tomJoey(tomJoey) used a pack_of_5_antibiotic 8-12-2025, 8:51:55 AM
tomJoey(tomJoey) used a pack_of_5_antibiotic 8-12-2025, 8:51:55 AM
tomJoey(tomJoey) used a pack_of_5_antibiotic 8-12-2025, 8:51:55 AM
tomJoey(tomJoey) used a pack_of_5_antibiotic 8-12-2025, 8:51:55 AM
tomJoey(tomJoey) used a pack_of_5_antibiotic 8-12-2025, 8:51:56 AM
tomJoey(tomJoey) used a pack_of_5_antibiotic 8-12-2025, 8:51:56 AM
tomJoey(tomJoey) used a pack_of_5_antibiotic 8-12-2025, 8:51:56 AM
tomJoey(tomJoey) used a pack_of_5_antibiotic 8-12-2025, 8:51:56 AM
tomJoey(tomJoey) used a pack_of_5_antibiotic 8-12-2025, 8:51:56 AM
tomJoey(tomJoey) used a pack_of_5_antibiotic 8-12-2025, 8:51:56 AM
tomJoey(tomJoey) used a pack_of_5_antibiotic 8-12-2025, 8:51:56 AM
tomJoey(tomJoey) used a pack_of_5_antibiotic 8-12-2025, 8:51:56 AM
tomJoey(tomJoey) used a pack_of_5_antibiotic 8-12-2025, 8:51:57 AM
tomJoey(tomJoey) used a pack_of_5_antibiotic 8-12-2025, 8:51:57 AM
tomJoey(tomJoey) used a pack_of_5_antibiotic 8-12-2025, 8:51:57 AM
tomJoey(tomJoey) used a pack_of_5_antibiotic 8-12-2025, 8:51:57 AM
tomJoey(tomJoey) used a pack_of_5_antibiotic 8-12-2025, 8:51:57 AM
tomJoey(tomJoey) used a pack_of_5_antibiotic 8-12-2025, 8:51:57 AM
tomJoey(tomJoey) used a pack_of_5_antibiotic 8-12-2025, 8:51:57 AM
tomJoey(tomJoey) used a pack_of_5_antibiotic 8-12-2025, 8:51:57 AM
tomJoey(tomJoey) used a pack_of_5_antibiotic 8-12-2025, 8:51:58 AM
tomJoey(tomJoey) used a pack_of_5_antibiotic 8-12-2025, 8:51:58 AM
tomJoey(tomJoey) used a pack_of_5_antibiotic 8-12-2025, 8:51:58 AM
tomJoey(tomJoey) used a pack_of_5_antibiotic 8-12-2025, 8:51:58 AM
tomJoey(tomJoey) used a pack_of_5_antibiotic 8-12-2025, 8:51:58 AM
tomJoey(tomJoey) used a pack_of_5_antibiotic 8-12-2025, 8:51:58 AM
tomJoey(tomJoey) used a pack_of_5_antibiotic 8-12-2025, 8:52:14 AM
tomJoey(tomJoey) used a pack_of_5_antibiotic 8-12-2025, 8:52:14 AM
tomJoey(tomJoey) used a pack_of_5_antibiotic 8-12-2025, 8:52:14 AM
tomJoey(tomJoey) used a pack_of_5_antibiotic 8-12-2025, 8:52:14 AM
tomJoey(tomJoey) used a pack_of_5_antibiotic 8-12-2025, 8:52:14 AM
tomJoey(tomJoey) used a pack_of_5_antibiotic 8-12-2025, 8:52:15 AM
tomJoey(tomJoey) used a pack_of_5_antibiotic 8-12-2025, 8:52:15 AM
tomJoey(tomJoey) used a pack_of_5_antibiotic 8-12-2025, 8:52:15 AM
tomJoey(tomJoey) used a pack_of_5_antibiotic 8-12-2025, 8:52:15 AM
tomJoey(tomJoey) used a pack_of_5_antibiotic 8-12-2025, 8:52:15 AM
tomJoey(tomJoey) used a pack_of_5_antibiotic 8-12-2025, 8:52:15 AM
tomJoey(tomJoey) used a pack_of_5_antibiotic 8-12-2025, 8:52:15 AM
tomJoey(tomJoey) used a pack_of_5_antibiotic 8-12-2025, 8:52:15 AM
tomJoey(tomJoey) used a pack_of_5_antibiotic 8-12-2025, 8:52:15 AM
tomJoey(tomJoey) used a pack_of_5_antibiotic 8-12-2025, 8:52:16 AM
tomJoey(tomJoey) used a pack_of_5_antibiotic 8-12-2025, 8:52:16 AM
tomJoey(tomJoey) used a pack_of_5_antibiotic 8-12-2025, 8:52:16 AM
tomJoey(tomJoey) used a pack_of_5_antibiotic 8-12-2025, 8:52:16 AM
tomJoey(tomJoey) used a pack_of_5_antibiotic 8-12-2025, 8:52:16 AM
tomJoey(tomJoey) used a pack_of_5_antibiotic 8-12-2025, 8:52:16 AM
tomJoey(tomJoey) used a pack_of_5_antibiotic 8-12-2025, 8:52:16 AM
tomJoey(tomJoey) used a pack_of_5_antibiotic 8-12-2025, 8:52:16 AM
tomJoey(tomJoey) used a pack_of_5_antibiotic 8-12-2025, 8:52:16 AM
tomJoey(tomJoey) used a pack_of_5_antibiotic 8-12-2025, 8:52:17 AM
tomJoey(tomJoey) used a pack_of_5_antibiotic 8-12-2025, 8:52:17 AM
tomJoey(tomJoey) used a pack_of_5_antibiotic 8-12-2025, 8:52:17 AM
tomJoey(tomJoey) used a pack_of_5_antibiotic 8-12-2025, 8:52:17 AM
tomJoey(tomJoey) used a pack_of_5_antibiotic 8-12-2025, 8:52:17 AM
tomJoey(tomJoey) used a pack_of_5_antibiotic 8-12-2025, 8:52:17 AM
tomJoey(tomJoey) used a pack_of_5_antibiotic 8-12-2025, 8:52:17 AM
tomJoey(tomJoey) used a pack_of_5_antibiotic 8-12-2025, 8:52:17 AM
tomJoey(tomJoey) used a pack_of_5_antibiotic 8-12-2025, 8:52:18 AM
tomJoey(tomJoey) used a pack_of_5_antibiotic 8-12-2025, 8:52:18 AM
tomJoey(tomJoey) used a pack_of_5_antibiotic 8-12-2025, 8:52:18 AM
tomJoey(tomJoey) used a pack_of_5_antibiotic 8-12-2025, 8:52:18 AM
tomJoey(tomJoey) used a pack_of_5_antibiotic 8-12-2025, 8:52:18 AM
tomJoey(tomJoey) used a pack_of_5_antibiotic 8-12-2025, 8:52:18 AM
tomJoey(tomJoey) used a pack_of_5_antibiotic 8-12-2025, 8:52:18 AM
tomJoey(tomJoey) used a pack_of_5_antibiotic 8-12-2025, 8:52:18 AM
tomJoey(tomJoey) used a pack_of_5_antibiotic 8-12-2025, 8:52:18 AM
tomJoey(tomJoey) used a pack_of_5_antibiotic 8-12-2025, 8:52:19 AM
tomJoey(tomJoey) used a pack_of_5_antibiotic 8-12-2025, 8:52:19 AM
tomJoey(tomJoey) used a pack_of_5_antibiotic 8-12-2025, 8:52:22 AM
tomJoey(tomJoey) used a pack_of_5_antibiotic 8-12-2025, 8:52:23 AM
tomJoey(tomJoey) used a pack_of_5_antibiotic 8-12-2025, 8:52:23 AM
tomJoey(tomJoey) used a pack_of_5_antibiotic 8-12-2025, 8:52:23 AM
tomJoey(tomJoey) used a pack_of_5_antibiotic 8-12-2025, 8:52:23 AM
tomJoey(tomJoey) used a pack_of_5_antibiotic 8-12-2025, 8:52:23 AM
tomJoey(tomJoey) used a pack_of_5_antibiotic 8-12-2025, 8:52:23 AM
tomJoey(tomJoey) used a pack_of_5_antibiotic 8-12-2025, 8:52:23 AM
tomJoey(tomJoey) used a pack_of_5_antibiotic 8-12-2025, 8:52:23 AM
tomJoey(tomJoey) used a pack_of_5_antibiotic 8-12-2025, 8:52:23 AM
tomJoey(tomJoey) used a pack_of_5_antibiotic 8-12-2025, 8:52:24 AM
tomJoey(tomJoey) used a pack_of_5_antibiotic 8-12-2025, 8:52:24 AM
tomJoey(tomJoey) used a pack_of_5_antibiotic 8-12-2025, 8:52:24 AM
tomJoey(tomJoey) used a pack_of_5_antibiotic 8-12-2025, 8:52:24 AM
tomJoey(tomJoey) used a pack_of_5_antibiotic 8-12-2025, 8:52:24 AM
tomJoey(tomJoey) used a pack_of_10_stun_dart 8-12-2025, 8:52:34 AM
tomJoey(tomJoey) used a pack_of_10_stun_dart 8-12-2025, 8:52:34 AM
tomJoey(tomJoey) used a pack_of_10_stun_dart 8-12-2025, 8:52:35 AM
tomJoey(tomJoey) used a pack_of_10_stun_dart 8-12-2025, 8:52:35 AM
tomJoey(tomJoey) used a pack_of_10_stun_dart 8-12-2025, 8:52:35 AM
tomJoey(tomJoey) used a pack_of_10_stun_dart 8-12-2025, 8:52:35 AM
tomJoey(tomJoey) used a pack_of_10_stun_dart 8-12-2025, 8:52:35 AM
tomJoey(tomJoey) used a pack_of_10_stun_dart 8-12-2025, 8:52:35 AM
tomJoey(tomJoey) used a pack_of_10_stun_dart 8-12-2025, 8:52:35 AM
tomJoey(tomJoey) used a pack_of_10_stun_dart 8-12-2025, 8:52:35 AM
tomJoey(tomJoey) used a pack_of_10_stun_dart 8-12-2025, 8:52:36 AM
tomJoey(tomJoey) used a pack_of_10_stun_dart 8-12-2025, 8:52:36 AM
tomJoey(tomJoey) used a pack_of_10_stun_dart 8-12-2025, 8:52:36 AM
tomJoey(tomJoey) used a pack_of_10_stun_dart 8-12-2025, 8:52:36 AM
tomJoey(tomJoey) used a pack_of_10_stun_dart 8-12-2025, 8:52:36 AM
tomJoey(tomJoey) used a pack_of_10_stun_dart 8-12-2025, 8:52:36 AM
tomJoey(tomJoey) used a pack_of_10_stun_dart 8-12-2025, 8:52:36 AM
tomJoey(tomJoey) used a pack_of_10_stun_dart 8-12-2025, 8:52:36 AM
tomJoey(tomJoey) used a pack_of_10_stun_dart 8-12-2025, 8:52:36 AM
tomJoey(tomJoey) used a pack_of_10_remote_timebomb 8-12-2025, 8:52:44 AM
tomJoey(tomJoey) used a pack_of_10_remote_timebomb 8-12-2025, 8:52:45 AM
tomJoey(tomJoey) used a pack_of_10_remote_timebomb 8-12-2025, 8:52:45 AM
tomJoey(tomJoey) used a pack_of_10_remote_timebomb 8-12-2025, 8:52:45 AM
tomJoey(tomJoey) used a pack_of_10_remote_timebomb 8-12-2025, 8:52:45 AM
tomJoey(tomJoey) used a pack_of_10_remote_timebomb 8-12-2025, 8:52:45 AM
tomJoey(tomJoey) used a pack_of_10_remote_timebomb 8-12-2025, 8:52:45 AM
tomJoey(tomJoey) used a pack_of_10_remote_timebomb 8-12-2025, 8:52:45 AM
tomJoey(tomJoey) used a pack_of_10_remote_timebomb 8-12-2025, 8:52:45 AM
tomJoey(tomJoey) used a pack_of_10_remote_timebomb 8-12-2025, 8:52:45 AM
tomJoey(tomJoey) used a pack_of_10_remote_timebomb 8-12-2025, 8:52:46 AM
tomJoey(tomJoey) used a pack_of_10_remote_timebomb 8-12-2025, 8:52:46 AM
tomJoey(tomJoey) used a pack_of_5_antibiotic 8-12-2025, 8:54:57 AM
tomJoey(tomJoey) used a pack_of_5_antibiotic 8-12-2025, 8:55:01 AM
tomJoey(tomJoey) used a pack_of_10_stun_dart 8-12-2025, 8:55:05 AM
tomJoey(tomJoey) used a antibiotic 8-12-2025, 8:55:07 AM
tomJoey(tomJoey) used a air_canister 8-12-2025, 8:55:11 AM
tomJoey(tomJoey) used a pack_of_10_stun_dart 8-12-2025, 8:55:59 AM
tomJoey(tomJoey) used a empty_pack 8-12-2025, 8:56:07 AM
tomJoey(tomJoey) used a invisibility_shield 8-12-2025, 8:56:12 AM
tomJoey(tomJoey) used a pack_of_5_antibiotic 8-12-2025, 8:56:43 AM
tomJoey(tomJoey) used a pack_of_5_antibiotic 8-12-2025, 8:56:50 AM
tomJoey(tomJoey) used a pack_of_10_stun_dart 8-12-2025, 8:56:56 AM
tomJoey(tomJoey) used a pack_of_5_antibiotic 8-12-2025, 8:58:27 AM
tomJoey(tomJoey) used a pack_of_20_fire_extinguisher 8-12-2025, 8:58:34 AM
tomJoey(tomJoey) used a pack_of_5_antibiotic 8-12-2025, 9:01:03 AM
tomJoey(tomJoey) used a pack_of_10_stun_dart 8-12-2025, 9:01:14 AM
tomJoey(tomJoey) used a pack_of_3_wirebomb 8-12-2025, 9:01:21 AM
tomJoey(tomJoey) used a pack_of_3_wirebomb 8-12-2025, 9:01:22 AM
tomJoey(tomJoey) used a pack_of_3_wirebomb 8-12-2025, 9:01:22 AM
tomJoey(tomJoey) used a pack_of_3_wirebomb 8-12-2025, 9:01:22 AM
tomJoey(tomJoey) used a pack_of_3_wirebomb 8-12-2025, 9:01:22 AM
tomJoey(tomJoey) used a pack_of_5_antibiotic 8-12-2025, 9:01:25 AM
tomJoey(tomJoey) used a pack_of_5_antibiotic 8-12-2025, 9:01:25 AM
tomJoey(tomJoey) used a pack_of_5_antibiotic 8-12-2025, 9:01:26 AM
tomJoey(tomJoey) used a pack_of_5_antibiotic 8-12-2025, 9:01:26 AM
tomJoey(tomJoey) used a pack_of_10_stun_dart 8-12-2025, 9:01:30 AM
tomJoey(tomJoey) used a pack_of_10_stun_dart 8-12-2025, 9:01:30 AM
tomJoey(tomJoey) used a pack_of_10_stun_dart 8-12-2025, 9:01:30 AM
tomJoey(tomJoey) used a pack_of_10_stun_dart 8-12-2025, 9:01:30 AM
tomJoey(tomJoey) used a pack_of_10_stun_dart 8-12-2025, 9:01:30 AM
tomJoey(tomJoey) used a pack_of_10_stun_dart 8-12-2025, 9:01:30 AM
tomJoey(tomJoey) used a pack_of_10_stun_dart 8-12-2025, 9:01:30 AM
tomJoey(tomJoey) used a pack_of_10_stun_dart 8-12-2025, 9:01:30 AM
tomJoey(tomJoey) used a pack_of_10_stun_dart 8-12-2025, 9:01:30 AM
tomJoey(tomJoey) used a pack_of_10_stun_dart 8-12-2025, 9:01:31 AM
tomJoey(tomJoey) used a pack_of_10_remote_timebomb 8-12-2025, 9:01:34 AM
tomJoey(tomJoey) used a pack_of_10_remote_timebomb 8-12-2025, 9:01:34 AM
tomJoey(tomJoey) used a pack_of_10_remote_timebomb 8-12-2025, 9:01:34 AM
tomJoey(tomJoey) used a pack_of_10_remote_timebomb 8-12-2025, 9:01:34 AM
tomJoey(tomJoey) used a pack_of_5_shield 8-12-2025, 9:01:40 AM
tomJoey(tomJoey) used a pack_of_5_shield 8-12-2025, 9:01:40 AM
tomJoey(tomJoey) used a pack_of_5_shield 8-12-2025, 9:01:40 AM
tomJoey(tomJoey) used a pack_of_5_shield 8-12-2025, 9:01:40 AM
tomJoey(tomJoey) used a pack_of_5_shield 8-12-2025, 9:01:40 AM
tomJoey(tomJoey) used a pack_of_5_shield 8-12-2025, 9:01:40 AM
tomJoey(tomJoey) used a pack_of_20_fire_extinguisher 8-12-2025, 9:01:44 AM
tomJoey(tomJoey) used a pack_of_20_fire_extinguisher 8-12-2025, 9:01:44 AM
tomJoey(tomJoey) used a pack_of_20_fire_extinguisher 8-12-2025, 9:01:44 AM
tomJoey(tomJoey) used a pack_of_20_fire_extinguisher 8-12-2025, 9:01:44 AM
tomJoey(tomJoey) used a pack_of_30_missile_interceptor 8-12-2025, 9:01:49 AM
tomJoey(tomJoey) used a pack_of_30_missile_interceptor 8-12-2025, 9:01:49 AM
tomJoey(tomJoey) used a pack_of_30_missile_interceptor 8-12-2025, 9:01:49 AM
tomJoey(tomJoey) used a pack_of_5_motion_bomb 8-12-2025, 9:01:55 AM
tomJoey(tomJoey) used a pack_of_5_motion_bomb 8-12-2025, 9:01:55 AM
tomJoey(tomJoey) used a pack_of_5_motion_bomb 8-12-2025, 9:01:55 AM
tomJoey(tomJoey) used a grenade_pack 8-12-2025, 9:02:02 AM
tomJoey(tomJoey) used a pack_of_5_antibiotic 8-12-2025, 9:02:18 AM
tomJoey(tomJoey) used a stun_dart 8-12-2025, 9:02:21 AM
tomJoey(tomJoey) used a stun_dart 8-12-2025, 9:02:22 AM
tomJoey(tomJoey) used a stun_dart 8-12-2025, 9:02:24 AM
tomJoey(tomJoey) used a pack_of_20_fire_extinguisher 8-12-2025, 10:53:34 AM
tomJoey(tomJoey) used a timebomb 8-12-2025, 11:37:30 AM
tomJoey(tomJoey) used a timebomb 8-12-2025, 11:37:33 AM
tomJoey(tomJoey) used a wood_pack 8-12-2025, 11:41:48 AM
tomJoey(tomJoey) used a wood_pack 8-12-2025, 11:41:49 AM
tomJoey(tomJoey) used a pack_of_5_antibiotic 8-12-2025, 11:41:51 AM
tomJoey(tomJoey) used a pack_of_5_antibiotic 8-12-2025, 11:41:54 AM
tomJoey(tomJoey) used a pack_of_10_remote_timebomb 8-12-2025, 11:41:56 AM
tomJoey(tomJoey) used a pack_of_10_remote_timebomb 8-12-2025, 11:41:59 AM
tomJoey(tomJoey) used a pack_of_10_remote_timebomb 8-12-2025, 11:42:03 AM
tomJoey(tomJoey) used a pack_of_10_remote_timebomb 8-12-2025, 11:42:05 AM