
lihaha logged in. 5-11-2025, 8:32:17 AM
lihaha disconnected 5-11-2025, 8:33:19 AM
lihaha logged in. 5-11-2025, 8:33:21 AM
lihaha disconnected 5-11-2025, 8:33:27 AM
lihaha logged in. 5-11-2025, 8:33:29 AM
lihaha disconnected 5-11-2025, 8:33:39 AM
lihaha logged in. 5-11-2025, 8:34:52 AM
156 logged in. 5-11-2025, 8:35:13 AM
156 disconnected 5-11-2025, 8:37:24 AM
lihaha disconnected 5-11-2025, 8:37:27 AM
lihaha logged in. 5-11-2025, 8:39:16 AM
156 logged in. 5-11-2025, 8:39:25 AM
156 disconnected 5-11-2025, 8:42:03 AM
lihaha disconnected 5-11-2025, 8:42:17 AM
lihaha logged in. 5-11-2025, 8:45:33 AM
156 logged in. 5-11-2025, 8:45:42 AM
156 disconnected 5-11-2025, 8:47:18 AM
156 logged in. 5-11-2025, 8:50:21 AM
156 disconnected 5-11-2025, 8:51:35 AM
lihaha disconnected 5-11-2025, 8:51:39 AM
lihaha logged in. 5-11-2025, 9:07:51 AM
lihaha disconnected 5-11-2025, 9:09:03 AM
lihaha logged in. 5-11-2025, 9:32:07 AM
lihaha disconnected 5-11-2025, 9:32:41 AM
lihaha logged in. 5-11-2025, 9:33:15 AM
lihaha disconnected 5-11-2025, 9:34:06 AM
lihaha logged in. 5-11-2025, 9:52:49 AM
lihaha logged in. 5-11-2025, 9:55:06 AM
lihaha disconnected 5-11-2025, 9:56:05 AM
lihaha logged in. 5-11-2025, 9:56:38 AM
lihaha disconnected 5-11-2025, 9:56:39 AM
lihaha logged in. 5-11-2025, 10:02:58 AM
lihaha disconnected 5-11-2025, 10:03:18 AM
lihaha logged in. 5-11-2025, 10:39:14 AM
lihaha (lihaha) said  5-11-2025, 10:39:16 AM
lihaha (lihaha) said  5-11-2025, 10:39:34 AM
lihaha (lihaha) said  5-11-2025, 10:39:34 AM
lihaha (lihaha) said  5-11-2025, 10:39:35 AM
lihaha (lihaha) said  5-11-2025, 10:39:36 AM
lihaha disconnected 5-11-2025, 10:39:37 AM
lihaha logged in. 5-11-2025, 10:46:29 AM
lihaha (lihaha) said  5-11-2025, 10:46:33 AM
lihaha disconnected 5-11-2025, 10:48:27 AM
lihaha logged in. 5-11-2025, 10:49:06 AM
lihaha disconnected 5-11-2025, 10:49:31 AM
lihaha logged in. 5-11-2025, 5:09:59 PM
lihaha (lihaha) said  5-11-2025, 5:10:00 PM
lihaha disconnected 5-11-2025, 5:10:17 PM
lihaha logged in. 5-11-2025, 5:11:45 PM
lihaha (lihaha) said  5-11-2025, 5:11:49 PM
lihaha (lihaha) said  5-11-2025, 5:12:09 PM
lihaha disconnected 5-11-2025, 5:12:12 PM
lihaha logged in. 5-11-2025, 5:16:01 PM
lihaha (lihaha) said 1 5-11-2025, 5:16:04 PM
lihaha (lihaha) said 哈哈哈 5-11-2025, 5:16:15 PM
lihaha disconnected 5-11-2025, 5:16:23 PM
lihaha logged in. 5-11-2025, 5:17:52 PM
lihaha (lihaha) said 1 5-11-2025, 5:18:01 PM
lihaha disconnected 5-11-2025, 5:18:14 PM
lihaha logged in. 5-11-2025, 5:19:35 PM
lihaha (lihaha) said 你好 5-11-2025, 5:19:52 PM
156 logged in. 5-11-2025, 5:20:18 PM
156 (156) said 1 5-11-2025, 5:20:59 PM
lihaha (lihaha) said 1 5-11-2025, 5:21:39 PM
156 disconnected 5-11-2025, 5:21:49 PM
lihaha disconnected 5-11-2025, 5:26:22 PM
lihaha logged in. 5-11-2025, 5:28:38 PM
156 logged in. 5-11-2025, 5:28:48 PM
156 (156) said 12348905798901 5-11-2025, 5:29:18 PM
156 disconnected 5-11-2025, 5:30:46 PM
lihaha disconnected 5-11-2025, 5:31:22 PM
lihaha logged in. 5-11-2025, 5:40:25 PM
lihaha disconnected 5-11-2025, 5:40:47 PM
lihaha logged in. 5-11-2025, 5:42:38 PM
lihaha disconnected 5-11-2025, 5:43:19 PM
lihaha logged in. 5-11-2025, 5:54:56 PM
lihaha disconnected 5-11-2025, 5:55:04 PM
lihaha logged in. 5-11-2025, 6:14:00 PM
lihaha disconnected 5-11-2025, 6:14:17 PM
lihaha logged in. 5-11-2025, 6:16:16 PM
lihaha disconnected 5-11-2025, 6:21:34 PM
lihaha logged in. 5-11-2025, 6:22:27 PM
lihaha disconnected 5-11-2025, 6:23:18 PM