
lihaha logged in. 5-18-2025, 10:27:26 AM
lihaha disconnected 5-18-2025, 10:32:43 AM
lihaha logged in. 5-18-2025, 10:32:55 AM
lihaha disconnected 5-18-2025, 10:32:56 AM
lihaha logged in. 5-18-2025, 10:33:29 AM
lihaha disconnected 5-18-2025, 10:33:32 AM
lihaha logged in. 5-18-2025, 10:48:24 AM
lihaha disconnected 5-18-2025, 10:48:27 AM
lihaha logged in. 5-18-2025, 10:48:48 AM
lihaha disconnected 5-18-2025, 10:48:56 AM
lihaha logged in. 5-18-2025, 10:54:51 AM
lihaha disconnected 5-18-2025, 10:55:35 AM
lihaha logged in. 5-18-2025, 10:55:37 AM
lihaha (lihaha) said 你好 5-18-2025, 10:57:57 AM
lihaha disconnected 5-18-2025, 10:58:29 AM
lihaha logged in. 5-18-2025, 11:19:08 AM
lihaha disconnected 5-18-2025, 11:19:44 AM
lihaha logged in. 5-18-2025, 11:24:27 AM
lihaha disconnected 5-18-2025, 11:24:50 AM
lihaha logged in. 5-18-2025, 11:28:32 AM
lihaha disconnected 5-18-2025, 11:29:16 AM
lihaha logged in. 5-18-2025, 11:32:43 AM
156 logged in. 5-18-2025, 11:33:29 AM
156 disconnected 5-18-2025, 11:34:57 AM
lihaha disconnected 5-18-2025, 11:35:01 AM
lihaha logged in. 5-18-2025, 1:25:03 PM
lihaha logged in. 5-18-2025, 1:25:26 PM
lihaha logged in. 5-18-2025, 1:25:31 PM
156 logged in. 5-18-2025, 1:25:39 PM
156 disconnected 5-18-2025, 1:28:15 PM
lihaha disconnected 5-18-2025, 1:28:17 PM
lihaha logged in. 5-18-2025, 1:40:51 PM
lihaha disconnected 5-18-2025, 1:50:28 PM
lihaha logged in. 5-18-2025, 2:05:49 PM
lihaha disconnected 5-18-2025, 2:06:00 PM
lihaha logged in. 5-18-2025, 2:26:18 PM
lihaha disconnected 5-18-2025, 2:28:52 PM
lihaha logged in. 5-18-2025, 2:28:56 PM
lihaha disconnected 5-18-2025, 2:29:24 PM
lihaha logged in. 5-18-2025, 2:36:42 PM
lihaha disconnected 5-18-2025, 2:39:13 PM
lihaha logged in. 5-18-2025, 2:39:49 PM
lihaha disconnected 5-18-2025, 2:40:03 PM
lihaha logged in. 5-18-2025, 2:40:12 PM
lihaha disconnected 5-18-2025, 2:40:39 PM
lihaha logged in. 5-18-2025, 2:41:11 PM
lihaha disconnected 5-18-2025, 2:42:32 PM
lihaha logged in. 5-18-2025, 2:42:57 PM
lihaha disconnected 5-18-2025, 2:44:14 PM
lihaha logged in. 5-18-2025, 5:17:14 PM
lihaha disconnected 5-18-2025, 5:20:04 PM