
12345 logged in. 8-7-2025, 1:18:32 PM
12345 disconnected 8-7-2025, 1:20:12 PM
12345 logged in. 8-7-2025, 1:20:38 PM
12345 disconnected 8-7-2025, 1:21:15 PM
12345 logged in. 8-7-2025, 1:21:37 PM
12345 disconnected 8-7-2025, 1:22:11 PM
12345 logged in. 8-7-2025, 1:22:39 PM
12345 disconnected 8-7-2025, 1:24:30 PM
12345 logged in. 8-7-2025, 1:24:32 PM
12345 logged in. 8-7-2025, 2:12:44 PM
12345 disconnected 8-7-2025, 2:13:18 PM
12345 logged in. 8-7-2025, 2:39:56 PM
12345 logged in. 8-7-2025, 2:44:16 PM
12345 disconnected 8-7-2025, 2:45:12 PM
12345 logged in. 8-7-2025, 2:57:42 PM
12345 disconnected 8-7-2025, 2:57:57 PM
12345 logged in. 8-7-2025, 3:02:34 PM
server notification: 12345 is no longer a newbie! 8-7-2025, 3:02:42 PM
12345 disconnected 8-7-2025, 3:03:56 PM
12345 logged in. 8-7-2025, 7:12:38 PM
12345 disconnected 8-7-2025, 7:13:16 PM
12345 logged in. 8-7-2025, 7:30:02 PM
12345 (12345) said 1 8-7-2025, 7:30:04 PM
12345 logged in. 8-7-2025, 7:30:52 PM
12345 disconnected 8-7-2025, 7:30:59 PM
test logged in. 8-7-2025, 7:31:32 PM
server notification: test is no longer a newbie! 8-7-2025, 7:31:45 PM
test disconnected 8-7-2025, 7:32:37 PM
12345 logged in. 8-7-2025, 7:32:46 PM
12345 disconnected 8-7-2025, 7:32:49 PM
12345 logged in. 8-7-2025, 7:37:03 PM
12345 disconnected 8-7-2025, 7:37:32 PM
111111111 logged in. 8-7-2025, 7:38:06 PM
server notification: 111111111 is no longer a newbie! 8-7-2025, 7:38:49 PM
111111111 disconnected 8-7-2025, 7:39:09 PM