
lihaha logged in. 6-1-2025, 10:39:44 AM
156 logged in. 6-1-2025, 10:41:16 AM
lihaha disconnected 6-1-2025, 10:43:26 AM
lihaha logged in. 6-1-2025, 10:44:49 AM
lihaha disconnected 6-1-2025, 10:45:23 AM
lihaha logged in. 6-1-2025, 10:48:08 AM
lihaha disconnected 6-1-2025, 10:48:42 AM
lihaha logged in. 6-1-2025, 10:55:48 AM
lihaha logged in. 6-1-2025, 10:56:39 AM
lihaha disconnected 6-1-2025, 10:56:51 AM
lihaha logged in. 6-1-2025, 11:05:03 AM
lihaha disconnected 6-1-2025, 11:08:24 AM
lihaha logged in. 6-1-2025, 3:05:29 PM
lihaha logged in. 6-1-2025, 3:05:49 PM
lihaha disconnected 6-1-2025, 3:09:20 PM
lihaha logged in. 6-1-2025, 3:09:59 PM
lihaha disconnected 6-1-2025, 3:10:11 PM
lihaha logged in. 6-1-2025, 3:10:46 PM
lihaha disconnected 6-1-2025, 3:11:05 PM
lihaha logged in. 6-1-2025, 3:11:07 PM
lihaha logged in. 6-1-2025, 3:11:55 PM
lihaha logged in. 6-1-2025, 3:12:44 PM
lihaha logged in. 6-1-2025, 3:19:05 PM
lihaha disconnected 6-1-2025, 3:20:21 PM
lihaha logged in. 6-1-2025, 3:20:53 PM
lihaha disconnected 6-1-2025, 3:22:02 PM
lihaha logged in. 6-1-2025, 3:30:37 PM
lihaha disconnected 6-1-2025, 3:30:54 PM
lihaha logged in. 6-1-2025, 3:31:39 PM
lihaha disconnected 6-1-2025, 3:32:03 PM
lihaha logged in. 6-1-2025, 3:33:16 PM
lihaha disconnected 6-1-2025, 3:33:35 PM
lihaha logged in. 6-1-2025, 3:34:37 PM
lihaha disconnected 6-1-2025, 3:35:03 PM
lihaha logged in. 6-1-2025, 3:36:09 PM
lihaha disconnected 6-1-2025, 3:36:26 PM
lihaha logged in. 6-1-2025, 3:37:18 PM
lihaha disconnected 6-1-2025, 3:37:27 PM
lihaha logged in. 6-1-2025, 3:37:28 PM
lihaha logged in. 6-1-2025, 3:38:38 PM
lihaha logged in. 6-1-2025, 3:42:01 PM
lihaha logged in. 6-1-2025, 3:42:59 PM
lihaha logged in. 6-1-2025, 3:45:07 PM
lihaha disconnected 6-1-2025, 3:45:27 PM
lihaha logged in. 6-1-2025, 3:46:03 PM
lihaha disconnected 6-1-2025, 3:46:14 PM
lihaha logged in. 6-1-2025, 3:46:16 PM
lihaha logged in. 6-1-2025, 3:47:25 PM
lihaha disconnected 6-1-2025, 3:47:44 PM
lihaha logged in. 6-1-2025, 3:47:54 PM
lihaha disconnected 6-1-2025, 3:48:02 PM
lihaha logged in. 6-1-2025, 3:48:04 PM
lihaha logged in. 6-1-2025, 3:49:48 PM
lihaha disconnected 6-1-2025, 3:50:48 PM
lihaha logged in. 6-1-2025, 3:51:04 PM
lihaha disconnected 6-1-2025, 3:51:13 PM
lihaha logged in. 6-1-2025, 4:05:15 PM
lihaha disconnected 6-1-2025, 4:06:39 PM
lihaha logged in. 6-1-2025, 4:16:10 PM
lihaha (lihaha) said 1 6-1-2025, 4:17:10 PM
156 logged in. 6-1-2025, 4:17:24 PM
156 disconnected 6-1-2025, 4:20:04 PM
lihaha disconnected 6-1-2025, 4:20:11 PM
lihaha logged in. 6-1-2025, 4:22:06 PM
156 logged in. 6-1-2025, 4:22:42 PM
156 disconnected 6-1-2025, 4:23:33 PM
lihaha disconnected 6-1-2025, 4:24:04 PM
lihaha logged in. 6-1-2025, 4:25:16 PM
156 logged in. 6-1-2025, 4:25:55 PM
156 disconnected 6-1-2025, 4:26:09 PM
lihaha disconnected 6-1-2025, 4:26:13 PM